// Jest Snapshot v1, https://goo.gl/fbAQLP

exports[`Given the ApproveTokensModal component when the component is rendered should match the snapshot 1`] = `
<DocumentFragment>
  <div
    class="sc-bdnxRM leVZfT"
  >
    <button
      class="sc-dlnjwi cSfPnY"
      data-testid="approve-tokens-modal-close-icon"
    >
      <svg
        viewBox="0 0 24 24"
        xmlns="http://www.w3.org/2000/svg"
      >
        <g
          opacity="0.5"
        >
          <g
            transform="translate(-.453 .555)"
          >
            <path
              class="cls-3"
              d="M8.762.384a1.311 1.311 0 011.981 1.707l-.127.147-8.378 8.378A1.311 1.311 0 01.257 8.909l.127-.147z"
              transform="translate(6.453 6.445)"
            />
            <path
              class="cls-3"
              d="M.384.384A1.311 1.311 0 012.09.257l.147.127 8.379 8.38a1.31 1.31 0 01-1.706 1.98l-.147-.127L.384 2.236a1.31 1.31 0 010-1.852z"
              transform="translate(6.453 6.445)"
            />
          </g>
        </g>
      </svg>
    </button>
    <main>
      <h3
        class="sc-pNWdM sc-jNnpgg ipkocU dFlioR"
      >
        Approve Tokens
      </h3>
      <div
        class="sc-cTJkRt gdnOFp"
      >
        You want to sell 
        <strong>
          1600 wNOM
        </strong>
        , but you approved for sale only 1000 wNOM. Would you like to approve the rest 
        <strong>
          600 (or more) wNOM
        </strong>
         and complete selling?
      </div>
      <div
        class="sc-dPaNzc iDeOfS"
      >
        <div>
          <label
            for=""
          >
            Approve tokens (wNOM)
          </label>
          <input
            placeholder="0.00"
            type="text"
          />
        </div>
        <button
          class="sc-cBoqAE xgJtv"
        >
          MAX
        </button>
      </div>
    </main>
    <footer>
      <div
        class="sc-gtsrHT hEKbJi"
      >
        <button
          class="sc-hKFxyN sc-eCApnc fFAwxg ijFQLa"
          data-testid="approve-tokens-modal-secondary-button"
        >
          Cancel
        </button>
        <button
          class="sc-hKFxyN fFAwxg"
          data-testid="approve-tokens-modal-primary-button"
        >
          Approve (60)
        </button>
      </div>
    </footer>
  </div>
</DocumentFragment>
`;
